//================= ExceptionInfo ===================
WVRP Instance Name: 
Exception time: 2026/03/31 12:04:46
Exception code: C0000005 ACCESS_VIOLATION
Fault address: 779B49A7 01:000939A7 C:\WINDOWS\SYSTEM32\ntdll.dll

Registers:
EAX:80C0AE10
EBX:00000000
ECX:0AF50000
EDX:80C0AE10
ESI:0AF50000
EDI:80C0AE08
CS:EIP:0000:0CE4F064
SS:ESP:002B:0CE4FD6C EBP:0CE4FDAC
DS:002B ES:002B FS:0053 GS:002B
Flags:00000000

Call stack:
Function        Address   Frame     Logical addr Module
unknow 779B49A7 0CE4FDAC 0001:000939A7 C:\WINDOWS\SYSTEM32\ntdll.dll
unknow 7795E9BA 0CE4FDE0 0001:0003D9BA C:\WINDOWS\SYSTEM32\ntdll.dll
unknow 04AA14FD 0CE4FE20 0001:046A04FD C:\Program Files\Huawei\eNSP\vboxserver\devices\AR\AR\eNSP_Router.exe
unknow 04AAC89A 0CE4FE54 0001:046AB89A C:\Program Files\Huawei\eNSP\vboxserver\devices\AR\AR\eNSP_Router.exe
unknow 779B7011 0CE4FE84 0001:00096011 C:\WINDOWS\SYSTEM32\ntdll.dll
unknow 779592AF 0CE4FF30 0001:000382AF C:\WINDOWS\SYSTEM32\ntdll.dll
unknow 77991380 0CE4FF40 0001:00070380 C:\WINDOWS\SYSTEM32\ntdll.dll
unknow 00AD3819 0CE4FF5C 0001:006D2819 C:\Program Files\Huawei\eNSP\vboxserver\devices\AR\AR\eNSP_Router.exe
unknow 00AD134B 0CE4FF64 0001:006D034B C:\Program Files\Huawei\eNSP\vboxserver\devices\AR\AR\eNSP_Router.exe
unknow 00A50310 0CE4FF6C 0001:0064F310 C:\Program Files\Huawei\eNSP\vboxserver\devices\AR\AR\eNSP_Router.exe
unknow 00A50259 0CE4FF74 0001:0064F259 C:\Program Files\Huawei\eNSP\vboxserver\devices\AR\AR\eNSP_Router.exe
unknow 76575D49 0CE4FF84 0001:00005D49 C:\WINDOWS\System32\KERNEL32.DLL
unknow 7798D2FB 0CE4FFDC 0001:0006C2FB C:\WINDOWS\SYSTEM32\ntdll.dll
unknow 7798D281 0CE4FFEC 0001:0006C281 C:\WINDOWS\SYSTEM32\ntdll.dll

